======================================================================
Hierarchical Bayesian Inference                    2026-08-14 17:02:11
======================================================================
Number of samples: 10
Number of models: 3

Initialized from:
  /Users/gino.diez/Documents/cbm_python/examples/output/cbm1.pkl [model 1]
  /Users/gino.diez/Documents/cbm_python/examples/output/cbm2.pkl [model 2]
  /Users/gino.diez/Documents/cbm_python/examples/output/cbm3.pkl [model 3]

======================================================================
Iteration 01
Iteration 02
	model frequencies (percent)
	model 1: 59.0| model 2: 41.0| model 3: 0.0| 
                                                           dL:   16.80
                                                           dm:   40.95
                                                           dx:    3.52
Iteration 03
	model frequencies (percent)
	model 1: 52.4| model 2: 47.6| model 3: 0.0| 
                                                           dL:    0.76
                                                           dm:    6.65
                                                           dx:   18.69
Iteration 04
	model frequencies (percent)
	model 1: 50.5| model 2: 49.5| model 3: 0.0| 
                                                           dL:    0.07
                                                           dm:    1.89
                                                           dx:    0.45
Iteration 05
	model frequencies (percent)
	model 1: 50.3| model 2: 49.7| model 3: 0.0| 
                                                           dL:    0.00
                                                           dm:    0.24
                                                           dx:    0.09
Iteration 06
	model frequencies (percent)
	model 1: 50.2| model 2: 49.8| model 3: 0.0| 
                                                           dL:    0.00
                                                           dm:    0.02
                                                           dx:    0.01
                                                          Converged :]
