======================================================================
Hierarchical Bayesian Inference                    2026-08-14 17:02:18
======================================================================
Number of samples: 40
Number of models: 2

Initialized from:
  /Users/gino.diez/Documents/cbm_python/examples/output/cbm_rl1.pkl [model 1]
  /Users/gino.diez/Documents/cbm_python/examples/output/cbm_rl2.pkl [model 2]

======================================================================
Iteration 01
Iteration 02
	model frequencies (percent)
	model 1: 47.1| model 2: 52.9| 
                                                           dL:   14.47
                                                           dm:   47.11
                                                           dx:    0.48
Iteration 03
	model frequencies (percent)
	model 1: 39.6| model 2: 60.4| 
                                                           dL:    5.62
                                                           dm:    7.50
                                                           dx:    0.31
Iteration 04
	model frequencies (percent)
	model 1: 32.3| model 2: 67.7| 
                                                           dL:    3.91
                                                           dm:    7.36
                                                           dx:    0.26
Iteration 05
	model frequencies (percent)
	model 1: 26.7| model 2: 73.3| 
                                                           dL:    3.07
                                                           dm:    5.58
                                                           dx:    0.24
Iteration 06
	model frequencies (percent)
	model 1: 23.1| model 2: 76.9| 
                                                           dL:    2.47
                                                           dm:    3.58
                                                           dx:    0.21
Iteration 07
	model frequencies (percent)
	model 1: 21.3| model 2: 78.7| 
                                                           dL:    2.07
                                                           dm:    1.79
                                                           dx:    0.18
Iteration 08
	model frequencies (percent)
	model 1: 20.8| model 2: 79.2| 
                                                           dL:    1.76
                                                           dm:    0.50
                                                           dx:    0.17
Iteration 09
	model frequencies (percent)
	model 1: 21.0| model 2: 79.0| 
                                                           dL:    1.43
                                                           dm:    0.18
                                                           dx:    0.15
Iteration 10
	model frequencies (percent)
	model 1: 21.4| model 2: 78.6| 
                                                           dL:    1.10
                                                           dm:    0.38
                                                           dx:    0.12
Iteration 11
	model frequencies (percent)
	model 1: 21.7| model 2: 78.3| 
                                                           dL:    0.81
                                                           dm:    0.33
                                                           dx:    0.09
Iteration 12
	model frequencies (percent)
	model 1: 21.9| model 2: 78.1| 
                                                           dL:    0.59
                                                           dm:    0.22
                                                           dx:    0.06
Iteration 13
	model frequencies (percent)
	model 1: 22.0| model 2: 78.0| 
                                                           dL:    0.43
                                                           dm:    0.13
                                                           dx:    0.05
                                                          Converged :]
