======================================================================
Hierarchical Bayesian Inference                    2026-08-14 17:02:12
======================================================================
Running in null mode
Number of samples: 10
Number of models: 3

Initialized from:
  /Users/gino.diez/Documents/cbm_python/examples/output/cbm1.pkl [model 1]
  /Users/gino.diez/Documents/cbm_python/examples/output/cbm2.pkl [model 2]
  /Users/gino.diez/Documents/cbm_python/examples/output/cbm3.pkl [model 3]

======================================================================
Iteration 01
Iteration 02
                                                           dL:    5.11
                                                           dx:    0.18
Iteration 03
                                                           dL:    0.02
                                                           dx:    0.14
Iteration 04
                                                           dL:    0.00
                                                           dx:    0.00
                                                          Converged :]
