  [1/40] RLmix000     cbm_orig  maps=gn  freq_complex=0.0005  iter=13  100.4s
  [2/40] RLmix000     cbm_orig  maps=fd  freq_complex=0.0005  iter=13   98.3s
  [3/40] RLmix000     fork_gn   maps=gn  freq_complex=0.0005  iter=14   89.8s
  [4/40] RLmix000     fork_gn   maps=fd  freq_complex=0.0005  iter=14   87.9s
  [5/40] RLmix030     cbm_orig  maps=gn  freq_complex=0.4161  iter=6   49.2s
  [6/40] RLmix030     cbm_orig  maps=fd  freq_complex=0.4367  iter=6   50.9s
  [7/40] RLmix030     fork_gn   maps=gn  freq_complex=0.4488  iter=7   49.1s
  [8/40] RLmix030     fork_gn   maps=fd  freq_complex=0.4700  iter=7   48.7s
  [9/40] RLmix050     cbm_orig  maps=gn  freq_complex=0.7033  iter=6   50.1s
  [10/40] RLmix050     cbm_orig  maps=fd  freq_complex=0.7088  iter=6   50.0s
  [11/40] RLmix050     fork_gn   maps=gn  freq_complex=0.7005  iter=6   43.1s
  [12/40] RLmix050     fork_gn   maps=fd  freq_complex=0.7068  iter=6   42.7s
  [13/40] RLmix070     cbm_orig  maps=gn  freq_complex=0.7983  iter=6   50.0s
  [14/40] RLmix070     cbm_orig  maps=fd  freq_complex=0.8306  iter=7   58.1s
  [15/40] RLmix070     fork_gn   maps=gn  freq_complex=0.7984  iter=6   42.2s
  [16/40] RLmix070     fork_gn   maps=fd  freq_complex=0.8034  iter=6   42.4s
  [17/40] RLmix100     cbm_orig  maps=gn  freq_complex=0.9976  iter=9   73.1s
  [18/40] RLmix100     cbm_orig  maps=fd  freq_complex=0.9976  iter=9   72.3s
  [19/40] RLmix100     fork_gn   maps=gn  freq_complex=0.9973  iter=9   61.8s
  [20/40] RLmix100     fork_gn   maps=fd  freq_complex=0.9973  iter=9   60.6s
  [21/40] VALmix000    cbm_orig  maps=gn  freq_complex=0.2544  iter=5    1.2s
  [22/40] VALmix000    cbm_orig  maps=fd  freq_complex=0.2556  iter=5    1.2s
  [23/40] VALmix000    fork_gn   maps=gn  freq_complex=0.2616  iter=5    1.1s
  [24/40] VALmix000    fork_gn   maps=fd  freq_complex=0.2628  iter=5    1.1s
  [25/40] VALmix030    cbm_orig  maps=gn  freq_complex=0.4375  iter=5    1.2s
  [26/40] VALmix030    cbm_orig  maps=fd  freq_complex=0.4412  iter=5    1.1s
  [27/40] VALmix030    fork_gn   maps=gn  freq_complex=0.4280  iter=5    1.0s
  [28/40] VALmix030    fork_gn   maps=fd  freq_complex=0.4318  iter=5    0.9s
  [29/40] VALmix050    cbm_orig  maps=gn  freq_complex=0.5469  iter=2    0.5s
  [30/40] VALmix050    cbm_orig  maps=fd  freq_complex=0.2981  iter=2    0.5s
  [31/40] VALmix050    fork_gn   maps=gn  freq_complex=0.5464  iter=2    0.4s
  [32/40] VALmix050    fork_gn   maps=fd  freq_complex=0.6706  iter=9    1.8s
  [33/40] VALmix070    cbm_orig  maps=gn  freq_complex=0.9123  iter=10    2.3s
  [34/40] VALmix070    cbm_orig  maps=fd  freq_complex=0.3583  iter=2    0.4s
  [35/40] VALmix070    fork_gn   maps=gn  freq_complex=0.9140  iter=10    1.9s
  [36/40] VALmix070    fork_gn   maps=fd  freq_complex=0.9121  iter=11    2.2s
  [37/40] VALmix100    cbm_orig  maps=gn  freq_complex=0.9999  iter=7    1.7s
  [38/40] VALmix100    cbm_orig  maps=fd  freq_complex=0.5819  iter=4    0.9s
  [39/40] VALmix100    fork_gn   maps=gn  freq_complex=0.9999  iter=7    1.4s
  [40/40] VALmix100    fork_gn   maps=fd  freq_complex=0.9999  iter=8    1.6s

40 rows -> /Users/gino.diez/Documents/cbm_python/benchmark/results/hbi_hbi.pkl   (1609s total)
