  [1/28] RL_T30_b0p5              fork_gn   RL     2.92s  sum(lme)=  -1285.57  warn=300
  [1/28] RL_T30_b0p5              fork_gn   RL2    4.33s  sum(lme)=  -1289.73  warn=300
  [1/28] RL_T30_b0p5              cbm_orig  RL     3.27s  sum(lme)=  -1302.02  warn=360
  [1/28] RL_T30_b0p5              cbm_orig  RL2    4.93s  sum(lme)=  -1308.53  warn=360
  [2/28] RL_T30_b1p0              fork_gn   RL     3.91s  sum(lme)=  -1254.15  warn=300
  [2/28] RL_T30_b1p0              fork_gn   RL2    8.47s  sum(lme)=  -1258.28  warn=300
  [2/28] RL_T30_b1p0              cbm_orig  RL    16.53s  sum(lme)=  -1268.43  warn=360
  [2/28] RL_T30_b1p0              cbm_orig  RL2   18.11s  sum(lme)=  -1280.82  warn=360
  [3/28] RL_T30_b3p0              fork_gn   RL     5.40s  sum(lme)=   -967.66  warn=300
  [3/28] RL_T30_b3p0              fork_gn   RL2   11.83s  sum(lme)=   -956.93  warn=300
  [3/28] RL_T30_b3p0              cbm_orig  RL    12.75s  sum(lme)=   -989.11  warn=360
  [3/28] RL_T30_b3p0              cbm_orig  RL2   22.52s  sum(lme)=   -996.36  warn=360
  [4/28] RL_T30_b8p0              fork_gn   RL     5.41s  sum(lme)=   -404.46  warn=300
  [4/28] RL_T30_b8p0              fork_gn   RL2    8.35s  sum(lme)=   -405.57  warn=300
  [4/28] RL_T30_b8p0              cbm_orig  RL     5.18s  sum(lme)=   -474.66  warn=360
  [4/28] RL_T30_b8p0              cbm_orig  RL2    7.20s  sum(lme)=   -483.06  warn=360
  [5/28] RL_T100_b0p5             fork_gn   RL    11.50s  sum(lme)=  -4182.50  warn=300
  [5/28] RL_T100_b0p5             fork_gn   RL2   18.20s  sum(lme)=  -4190.06  warn=300
  [5/28] RL_T100_b0p5             cbm_orig  RL    12.49s  sum(lme)=  -4198.64  warn=360
  [5/28] RL_T100_b0p5             cbm_orig  RL2   20.54s  sum(lme)=  -4214.61  warn=360
  [6/28] RL_T100_b1p0             fork_gn   RL    11.25s  sum(lme)=  -4054.62  warn=300
  [6/28] RL_T100_b1p0             fork_gn   RL2   17.10s  sum(lme)=  -4066.41  warn=300
  [6/28] RL_T100_b1p0             cbm_orig  RL    12.76s  sum(lme)=  -4064.90  warn=360
  [6/28] RL_T100_b1p0             cbm_orig  RL2   21.60s  sum(lme)=  -4088.77  warn=360
  [7/28] RL_T100_b3p0             fork_gn   RL    14.85s  sum(lme)=  -2956.08  warn=300
